16:33:32  Running with dbt=1.12.0
16:33:33  Registered adapter: duckdb=1.10.1
16:33:33  Unable to do partial parsing because saved manifest not found. Starting full parse.
16:33:36  Found 13 models, 13 seeds, 75 data tests, 486 macros
16:33:36  
16:33:36  Concurrency: 4 threads (target='dev')
16:33:36  
16:33:37  1 of 101 START seed file main.addresses_seed ................................... [RUN]
16:33:37  2 of 101 START seed file main.countries_seed ................................... [RUN]
16:33:37  3 of 101 START seed file main.customers_seed ................................... [RUN]
16:33:37  4 of 101 START seed file main.inventories_seed ................................. [RUN]
16:33:37  4 of 101 OK loaded seed file main.inventories_seed ............................. [INSERT 12 in 0.14s]
16:33:37  2 of 101 OK loaded seed file main.countries_seed ............................... [INSERT 12 in 0.15s]
16:33:37  5 of 101 START seed file main.order_details_seed ............................... [RUN]
16:33:37  3 of 101 OK loaded seed file main.customers_seed ............................... [INSERT 12 in 0.15s]
16:33:37  1 of 101 OK loaded seed file main.addresses_seed ............................... [INSERT 12 in 0.16s]
16:33:37  6 of 101 START seed file main.order_history_seed ............................... [RUN]
16:33:37  7 of 101 START seed file main.order_items_seed ................................. [RUN]
16:33:37  8 of 101 START seed file main.orders_seed ...................................... [RUN]
16:33:37  7 of 101 OK loaded seed file main.order_items_seed ............................. [INSERT 12 in 0.08s]
16:33:37  6 of 101 OK loaded seed file main.order_history_seed ........................... [INSERT 12 in 0.08s]
16:33:37  8 of 101 OK loaded seed file main.orders_seed .................................. [INSERT 12 in 0.07s]
16:33:37  9 of 101 START seed file main.product_categories_seed .......................... [RUN]
16:33:37  10 of 101 START seed file main.products_seed ................................... [RUN]
16:33:37  5 of 101 OK loaded seed file main.order_details_seed ........................... [INSERT 12 in 0.10s]
16:33:37  11 of 101 START seed file main.promotions_seed ................................. [RUN]
16:33:37  12 of 101 START seed file main.regions_seed .................................... [RUN]
16:33:37  10 of 101 OK loaded seed file main.products_seed ............................... [INSERT 12 in 0.07s]
16:33:37  13 of 101 START seed file main.warehouses_seed ................................. [RUN]
16:33:37  9 of 101 OK loaded seed file main.product_categories_seed ...................... [INSERT 12 in 0.09s]
16:33:37  12 of 101 OK loaded seed file main.regions_seed ................................ [INSERT 12 in 0.08s]
16:33:37  11 of 101 OK loaded seed file main.promotions_seed ............................. [INSERT 12 in 0.09s]
16:33:37  14 of 101 START sql view model main.inventories ................................ [RUN]
16:33:37  15 of 101 START sql view model main.countries .................................. [RUN]
16:33:37  16 of 101 START sql view model main.customers .................................. [RUN]
16:33:37  13 of 101 OK loaded seed file main.warehouses_seed ............................. [INSERT 12 in 0.10s]
16:33:37  17 of 101 START sql view model main.addresses .................................. [RUN]
16:33:37  16 of 101 OK created sql view model main.customers ............................. [OK in 0.14s]
16:33:37  14 of 101 OK created sql view model main.inventories ........................... [OK in 0.15s]
16:33:37  18 of 101 START sql view model main.order_items ................................ [RUN]
16:33:37  19 of 101 START sql view model main.order_history .............................. [RUN]
16:33:37  15 of 101 OK created sql view model main.countries ............................. [OK in 0.16s]
16:33:37  20 of 101 START sql view model main.orders ..................................... [RUN]
16:33:37  17 of 101 OK created sql view model main.addresses ............................. [OK in 0.12s]
16:33:37  21 of 101 START sql view model main.order_details .............................. [RUN]
16:33:37  18 of 101 OK created sql view model main.order_items ........................... [OK in 0.12s]
16:33:37  19 of 101 OK created sql view model main.order_history ......................... [OK in 0.12s]
16:33:37  20 of 101 OK created sql view model main.orders ................................ [OK in 0.11s]
16:33:37  22 of 101 START sql view model main.products ................................... [RUN]
16:33:37  23 of 101 START sql view model main.product_categories ......................... [RUN]
16:33:37  24 of 101 START sql view model main.regions .................................... [RUN]
16:33:37  21 of 101 OK created sql view model main.order_details ......................... [OK in 0.11s]
16:33:37  25 of 101 START sql view model main.promotions ................................. [RUN]
16:33:37  22 of 101 OK created sql view model main.products .............................. [OK in 0.10s]
16:33:37  26 of 101 START sql view model main.warehouses ................................. [RUN]
16:33:38  23 of 101 OK created sql view model main.product_categories .................... [OK in 0.11s]
16:33:38  25 of 101 OK created sql view model main.promotions ............................ [OK in 0.09s]
16:33:38  24 of 101 OK created sql view model main.regions ............................... [OK in 0.10s]
16:33:38  26 of 101 OK created sql view model main.warehouses ............................ [OK in 0.04s]
16:33:38  27 of 101 START test accepted_values_customers_customer_class__Premium__Standard  [RUN]
16:33:38  28 of 101 START test accepted_values_customers_mailshot__Y__N .................. [RUN]
16:33:38  29 of 101 START test accepted_values_customers_partner_mailshot__Y__N .......... [RUN]
16:33:38  30 of 101 START test not_null_customers_country_id ............................. [RUN]
16:33:38  27 of 101 PASS accepted_values_customers_customer_class__Premium__Standard ..... [PASS in 0.11s]
16:33:38  29 of 101 PASS accepted_values_customers_partner_mailshot__Y__N ................ [PASS in 0.10s]
16:33:38  28 of 101 PASS accepted_values_customers_mailshot__Y__N ........................ [PASS in 0.11s]
16:33:38  30 of 101 PASS not_null_customers_country_id ................................... [PASS in 0.11s]
16:33:38  31 of 101 START test not_null_customers_customer_id ............................ [RUN]
16:33:38  32 of 101 START test not_null_customers_region_id .............................. [RUN]
16:33:38  33 of 101 START test unique_customers_customer_id .............................. [RUN]
16:33:38  34 of 101 START test not_null_inventories_product_id ........................... [RUN]
16:33:38  31 of 101 PASS not_null_customers_customer_id .................................. [PASS in 0.08s]
16:33:38  33 of 101 PASS unique_customers_customer_id .................................... [PASS in 0.08s]
16:33:38  34 of 101 PASS not_null_inventories_product_id ................................. [PASS in 0.08s]
16:33:38  32 of 101 PASS not_null_customers_region_id .................................... [PASS in 0.09s]
16:33:38  35 of 101 START test not_null_inventories_warehouse_id ......................... [RUN]
16:33:38  36 of 101 START test relationships_customers_country_id__country_id__ref_countries_  [RUN]
16:33:38  37 of 101 START test not_null_addresses_address_id ............................. [RUN]
16:33:38  38 of 101 START test relationships_addresses_country_id__country_id__ref_countries_  [RUN]
16:33:39  35 of 101 PASS not_null_inventories_warehouse_id ............................... [PASS in 0.08s]
16:33:39  36 of 101 PASS relationships_customers_country_id__country_id__ref_countries_ .. [PASS in 0.09s]
16:33:39  39 of 101 START test relationships_addresses_customer_id__customer_id__ref_customers_  [RUN]
16:33:39  38 of 101 PASS relationships_addresses_country_id__country_id__ref_countries_ .. [PASS in 0.07s]
16:33:39  37 of 101 PASS not_null_addresses_address_id ................................... [PASS in 0.08s]
16:33:39  40 of 101 START test unique_addresses_address_id ............................... [RUN]
16:33:39  41 of 101 START test accepted_values_order_items_condition__new__refurbished__used  [RUN]
16:33:39  42 of 101 START test accepted_values_order_items_gift_wrap__Y__N ............... [RUN]
16:33:39  41 of 101 PASS accepted_values_order_items_condition__new__refurbished__used ... [PASS in 0.07s]
16:33:39  40 of 101 PASS unique_addresses_address_id ..................................... [PASS in 0.07s]
16:33:39  39 of 101 PASS relationships_addresses_customer_id__customer_id__ref_customers_  [PASS in 0.09s]
16:33:39  42 of 101 PASS accepted_values_order_items_gift_wrap__Y__N ..................... [PASS in 0.07s]
16:33:39  43 of 101 START test not_null_order_items_line_item_id ......................... [RUN]
16:33:39  44 of 101 START test not_null_order_items_order_id ............................. [RUN]
16:33:39  45 of 101 START test not_null_order_items_product_id ........................... [RUN]
16:33:39  46 of 101 START test unique_order_items_line_item_id ........................... [RUN]
16:33:39  44 of 101 PASS not_null_order_items_order_id ................................... [PASS in 0.07s]
16:33:39  43 of 101 PASS not_null_order_items_line_item_id ............................... [PASS in 0.08s]
16:33:39  46 of 101 PASS unique_order_items_line_item_id ................................. [PASS in 0.08s]
16:33:39  45 of 101 PASS not_null_order_items_product_id ................................. [PASS in 0.08s]
16:33:39  47 of 101 START test relationships_order_history_customer_id__customer_id__ref_customers_  [RUN]
16:33:39  48 of 101 START test accepted_values_orders_delivery_type__ground__express__overnight__pickup  [RUN]
16:33:39  49 of 101 START test accepted_values_orders_order_mode__online__direct ......... [RUN]
16:33:39  50 of 101 START test accepted_values_orders_order_status__Pending__Open__Shipped__Complete__Cancelled__On_Hold  [RUN]
16:33:39  47 of 101 PASS relationships_order_history_customer_id__customer_id__ref_customers_  [PASS in 0.08s]
16:33:39  48 of 101 PASS accepted_values_orders_delivery_type__ground__express__overnight__pickup  [PASS in 0.08s]
16:33:39  49 of 101 PASS accepted_values_orders_order_mode__online__direct ............... [PASS in 0.07s]
16:33:39  51 of 101 START test accepted_values_orders_payment_method_code__CreditCard__PurchaseOrder__AccountBalance  [RUN]
16:33:39  50 of 101 PASS accepted_values_orders_order_status__Pending__Open__Shipped__Complete__Cancelled__On_Hold  [PASS in 0.07s]
16:33:39  52 of 101 START test accepted_values_orders_wait_till_complete_yn__Y__N ........ [RUN]
16:33:39  53 of 101 START test not_null_orders_billing_address_id ........................ [RUN]
16:33:39  54 of 101 START test not_null_orders_customer_id ............................... [RUN]
16:33:39  51 of 101 PASS accepted_values_orders_payment_method_code__CreditCard__PurchaseOrder__AccountBalance  [PASS in 0.08s]
16:33:39  52 of 101 PASS accepted_values_orders_wait_till_complete_yn__Y__N .............. [PASS in 0.07s]
16:33:39  54 of 101 PASS not_null_orders_customer_id ..................................... [PASS in 0.08s]
16:33:39  55 of 101 START test not_null_orders_delivery_address_id ....................... [RUN]
16:33:39  56 of 101 START test not_null_orders_order_id .................................. [RUN]
16:33:39  53 of 101 PASS not_null_orders_billing_address_id .............................. [PASS in 0.08s]
16:33:39  57 of 101 START test not_null_orders_warehouse_id .............................. [RUN]
16:33:39  58 of 101 START test relationships_order_history_order_id__order_id__ref_orders_  [RUN]
16:33:39  55 of 101 PASS not_null_orders_delivery_address_id ............................. [PASS in 0.09s]
16:33:39  56 of 101 PASS not_null_orders_order_id ........................................ [PASS in 0.09s]
16:33:39  59 of 101 START test relationships_order_items_order_id__order_id__ref_orders_ . [RUN]
16:33:39  60 of 101 START test relationships_orders_customer_id__customer_id__ref_customers_  [RUN]
16:33:39  57 of 101 PASS not_null_orders_warehouse_id .................................... [PASS in 0.09s]
16:33:39  61 of 101 START test unique_orders_order_id .................................... [RUN]
16:33:39  58 of 101 PASS relationships_order_history_order_id__order_id__ref_orders_ ..... [PASS in 0.11s]
16:33:39  62 of 101 START test accepted_values_order_details_condition__new__refurbished__used  [RUN]
16:33:39  59 of 101 PASS relationships_order_items_order_id__order_id__ref_orders_ ....... [PASS in 0.11s]
16:33:39  60 of 101 PASS relationships_orders_customer_id__customer_id__ref_customers_ ... [PASS in 0.11s]
16:33:39  61 of 101 PASS unique_orders_order_id .......................................... [PASS in 0.07s]
16:33:39  63 of 101 START test accepted_values_order_details_customer_class__Premium__Standard  [RUN]
16:33:39  64 of 101 START test accepted_values_order_details_delivery_type__ground__express__overnight__pickup  [RUN]
16:33:39  65 of 101 START test accepted_values_order_details_gift_wrap__Y__N ............. [RUN]
16:33:39  62 of 101 PASS accepted_values_order_details_condition__new__refurbished__used . [PASS in 0.07s]
16:33:39  66 of 101 START test accepted_values_order_details_order_mode__online__direct .. [RUN]
16:33:39  63 of 101 PASS accepted_values_order_details_customer_class__Premium__Standard . [PASS in 0.09s]
16:33:39  64 of 101 PASS accepted_values_order_details_delivery_type__ground__express__overnight__pickup  [PASS in 0.09s]
16:33:39  65 of 101 PASS accepted_values_order_details_gift_wrap__Y__N ................... [PASS in 0.08s]
16:33:39  67 of 101 START test accepted_values_order_details_order_status__Pending__Open__Shipped__Complete__Cancelled__On_Hold  [RUN]
16:33:39  68 of 101 START test accepted_values_order_details_payment_method_code__CreditCard__PurchaseOrder__AccountBalance  [RUN]
16:33:39  69 of 101 START test accepted_values_order_details_product_status__orderable__planned__under_development__obsolete  [RUN]
16:33:39  66 of 101 PASS accepted_values_order_details_order_mode__online__direct ........ [PASS in 0.09s]
16:33:39  70 of 101 START test accepted_values_order_details_wait_till_complete_yn__Y__N . [RUN]
16:33:39  68 of 101 PASS accepted_values_order_details_payment_method_code__CreditCard__PurchaseOrder__AccountBalance  [PASS in 0.09s]
16:33:39  67 of 101 PASS accepted_values_order_details_order_status__Pending__Open__Shipped__Complete__Cancelled__On_Hold  [PASS in 0.09s]
16:33:39  69 of 101 PASS accepted_values_order_details_product_status__orderable__planned__under_development__obsolete  [PASS in 0.09s]
16:33:39  71 of 101 START test not_null_order_details_category_id ........................ [RUN]
16:33:39  72 of 101 START test not_null_order_details_customer_id ........................ [RUN]
16:33:39  73 of 101 START test not_null_order_details_order_id ........................... [RUN]
16:33:39  70 of 101 PASS accepted_values_order_details_wait_till_complete_yn__Y__N ....... [PASS in 0.07s]
16:33:39  74 of 101 START test not_null_order_details_product_id ......................... [RUN]
16:33:39  71 of 101 PASS not_null_order_details_category_id .............................. [PASS in 0.08s]
16:33:39  73 of 101 PASS not_null_order_details_order_id ................................. [PASS in 0.07s]
16:33:39  72 of 101 PASS not_null_order_details_customer_id .............................. [PASS in 0.08s]
16:33:39  75 of 101 START test not_null_order_details_warehouse_id ....................... [RUN]
16:33:39  76 of 101 START test relationships_order_details_customer_id__customer_id__ref_customers_  [RUN]
16:33:39  77 of 101 START test relationships_order_details_order_id__order_id__ref_orders_  [RUN]
16:33:39  74 of 101 PASS not_null_order_details_product_id ............................... [PASS in 0.08s]
16:33:39  78 of 101 START test accepted_values_products_product_status__orderable__planned__under_development__obsolete  [RUN]
16:33:40  75 of 101 PASS not_null_order_details_warehouse_id ............................. [PASS in 0.09s]
16:33:40  76 of 101 PASS relationships_order_details_customer_id__customer_id__ref_customers_  [PASS in 0.09s]
16:33:40  77 of 101 PASS relationships_order_details_order_id__order_id__ref_orders_ ..... [PASS in 0.09s]
16:33:40  79 of 101 START test not_null_products_category_id ............................. [RUN]
16:33:40  80 of 101 START test not_null_products_product_id .............................. [RUN]
16:33:40  81 of 101 START test not_null_products_supplier_id ............................. [RUN]
16:33:40  78 of 101 PASS accepted_values_products_product_status__orderable__planned__under_development__obsolete  [PASS in 0.06s]
16:33:40  82 of 101 START test relationships_inventories_product_id__product_id__ref_products_  [RUN]
16:33:40  79 of 101 PASS not_null_products_category_id ................................... [PASS in 0.08s]
16:33:40  80 of 101 PASS not_null_products_product_id .................................... [PASS in 0.08s]
16:33:40  81 of 101 PASS not_null_products_supplier_id ................................... [PASS in 0.07s]
16:33:40  83 of 101 START test relationships_order_details_product_id__product_id__ref_products_  [RUN]
16:33:40  84 of 101 START test relationships_order_items_product_id__product_id__ref_products_  [RUN]
16:33:40  85 of 101 START test unique_products_product_id ................................ [RUN]
16:33:40  82 of 101 PASS relationships_inventories_product_id__product_id__ref_products_ . [PASS in 0.08s]
16:33:40  86 of 101 START test not_null_product_categories_category_id ................... [RUN]
16:33:40  83 of 101 PASS relationships_order_details_product_id__product_id__ref_products_  [PASS in 0.09s]
16:33:40  85 of 101 PASS unique_products_product_id ...................................... [PASS in 0.08s]
16:33:40  87 of 101 START test relationships_order_details_category_id__category_id__ref_product_categories_  [RUN]
16:33:40  84 of 101 PASS relationships_order_items_product_id__product_id__ref_products_ . [PASS in 0.09s]
16:33:40  88 of 101 START test relationships_product_categories_parent_category_id__parent_category_id__ref_product_categories_  [RUN]
16:33:40  89 of 101 START test relationships_products_category_id__category_id__ref_product_categories_  [RUN]
16:33:40  86 of 101 PASS not_null_product_categories_category_id ......................... [PASS in 0.09s]
16:33:40  90 of 101 START test unique_product_categories_category_id ..................... [RUN]
16:33:40  87 of 101 PASS relationships_order_details_category_id__category_id__ref_product_categories_  [PASS in 0.11s]
16:33:40  88 of 101 PASS relationships_product_categories_parent_category_id__parent_category_id__ref_product_categories_  [PASS in 0.10s]
16:33:40  91 of 101 START test not_null_promotions_promotion_id .......................... [RUN]
16:33:40  89 of 101 PASS relationships_products_category_id__category_id__ref_product_categories_  [PASS in 0.10s]
16:33:40  92 of 101 START test relationships_order_details_promotion_id__promotion_id__ref_promotions_  [RUN]
16:33:40  93 of 101 START test relationships_orders_promotion_id__promotion_id__ref_promotions_  [RUN]
16:33:40  90 of 101 PASS unique_product_categories_category_id ........................... [PASS in 0.11s]
16:33:40  94 of 101 START test unique_promotions_promotion_id ............................ [RUN]
16:33:40  91 of 101 PASS not_null_promotions_promotion_id ................................ [PASS in 0.10s]
16:33:40  92 of 101 PASS relationships_order_details_promotion_id__promotion_id__ref_promotions_  [PASS in 0.09s]
16:33:40  95 of 101 START test relationships_addresses_region_id__region_id__ref_regions_  [RUN]
16:33:40  96 of 101 START test relationships_customers_region_id__region_id__ref_regions_  [RUN]
16:33:40  93 of 101 PASS relationships_orders_promotion_id__promotion_id__ref_promotions_  [PASS in 0.09s]
16:33:40  97 of 101 START test not_null_warehouses_warehouse_id .......................... [RUN]
16:33:40  94 of 101 PASS unique_promotions_promotion_id .................................. [PASS in 0.10s]
16:33:40  98 of 101 START test relationships_inventories_warehouse_id__warehouse_id__ref_warehouses_  [RUN]
16:33:40  95 of 101 PASS relationships_addresses_region_id__region_id__ref_regions_ ...... [PASS in 0.10s]
16:33:40  96 of 101 PASS relationships_customers_region_id__region_id__ref_regions_ ...... [PASS in 0.08s]
16:33:40  99 of 101 START test relationships_order_details_warehouse_id__warehouse_id__ref_warehouses_  [RUN]
16:33:40  97 of 101 PASS not_null_warehouses_warehouse_id ................................ [PASS in 0.07s]
16:33:40  100 of 101 START test relationships_orders_warehouse_id__warehouse_id__ref_warehouses_  [RUN]
16:33:40  101 of 101 START test unique_warehouses_warehouse_id ........................... [RUN]
16:33:40  98 of 101 PASS relationships_inventories_warehouse_id__warehouse_id__ref_warehouses_  [PASS in 0.10s]
16:33:40  100 of 101 PASS relationships_orders_warehouse_id__warehouse_id__ref_warehouses_  [PASS in 0.07s]
16:33:40  101 of 101 PASS unique_warehouses_warehouse_id ................................. [PASS in 0.05s]
16:33:40  99 of 101 PASS relationships_order_details_warehouse_id__warehouse_id__ref_warehouses_  [PASS in 0.09s]
16:33:40  
16:33:40  Finished running 13 seeds, 75 data tests, 13 view models in 0 hours 0 minutes and 3.84 seconds (3.84s).
16:33:40  
16:33:40  Completed successfully
16:33:40  
16:33:40  Done. PASS=101 WARN=0 ERROR=0 SKIP=0 NO-OP=0 REUSED=0 TOTAL=101
